[uiparadox.co.uk/public/templates/gamerx/v2/index.html]
[backblue.gif]
[fade.gif]
[index.html]
[uiparadox.co.uk/public/templates/gamerx/v2/assets/media/favicon.png]
[uiparadox.co.uk/public/templates/gamerx/v2/assets/css/vendor/bootstrap.min.css]
[uiparadox.co.uk/public/templates/gamerx/v2/assets/css/vendor/slick.css]
[uiparadox.co.uk/public/templates/gamerx/v2/assets/css/vendor/slick-theme.css]
[uiparadox.co.uk/public/templates/gamerx/v2/assets/css/vendor/aksVideoPlayer.css]
[uiparadox.co.uk/public/templates/gamerx/v2/assets/css/app.css]
[uiparadox.co.uk/public/templates/gamerx/v2/assets/css/vendor/font-awesome.css]
[uiparadox.co.uk/public/templates/gamerx/v2/index-2.html]
[uiparadox.co.uk/public/templates/gamerx/v2/assets/media/logo.png]
[uiparadox.co.uk/public/templates/gamerx/v2/index-3.html]
[uiparadox.co.uk/public/templates/gamerx/v2/live-streams.html]
[uiparadox.co.uk/public/templates/gamerx/v2/stream-detail.html]
[uiparadox.co.uk/public/templates/gamerx/v2/match-result.html]
[uiparadox.co.uk/public/templates/gamerx/v2/tournament-list.html]
[uiparadox.co.uk/public/templates/gamerx/v2/index-4.html]
[uiparadox.co.uk/public/templates/gamerx/v2/tournment-detail.html]
[uiparadox.co.uk/public/templates/gamerx/v2/shop.html]
[uiparadox.co.uk/public/templates/gamerx/v2/cart.html]
[uiparadox.co.uk/public/templates/gamerx/v2/checkout.html]
[uiparadox.co.uk/public/templates/gamerx/v2/product-detail.html]
[uiparadox.co.uk/public/templates/gamerx/v2/blogs.html]
[uiparadox.co.uk/public/templates/gamerx/v2/blog-detail.html]
[uiparadox.co.uk/public/templates/gamerx/v2/about.html]
[uiparadox.co.uk/public/templates/gamerx/v2/contact.html]
[uiparadox.co.uk/public/templates/gamerx/v2/team.html]
[uiparadox.co.uk/public/templates/gamerx/v2/login.html]
[uiparadox.co.uk/public/templates/gamerx/v2/signup.html]
[uiparadox.co.uk/public/templates/gamerx/v2/404.html]
[uiparadox.co.uk/public/templates/gamerx/v2/coming-soon.html]
[uiparadox.co.uk/public/templates/gamerx/v2/assets/media/icons/fi-1.png]
[uiparadox.co.uk/public/templates/gamerx/v2/assets/media/shapes/s-1.png]
[uiparadox.co.uk/public/templates/gamerx/v2/assets/media/icons/fi-2.png]
[uiparadox.co.uk/public/templates/gamerx/v2/assets/media/icons/fi-3.png]
[uiparadox.co.uk/public/templates/gamerx/v2/assets/media/icons/fi-4.png]
[uiparadox.co.uk/public/templates/gamerx/v2/assets/media/about/about.png]
[uiparadox.co.uk/public/templates/gamerx/v2/assets/media/logos/tl-1.png]
[uiparadox.co.uk/public/templates/gamerx/v2/assets/media/icons/ti-1.png]
[uiparadox.co.uk/public/templates/gamerx/v2/assets/media/icons/dollar.png]
[uiparadox.co.uk/public/templates/gamerx/v2/assets/media/icons/aim.png]
[uiparadox.co.uk/public/templates/gamerx/v2/assets/media/logos/tl-2.png]
[uiparadox.co.uk/public/templates/gamerx/v2/assets/media/logos/tl-3.png]
[uiparadox.co.uk/public/templates/gamerx/v2/assets/media/logos/tl-4.png]
[uiparadox.co.uk/public/templates/gamerx/v2/assets/media/streaming/vc-1.png]
[uiparadox.co.uk/public/templates/gamerx/v2/assets/media/users/streamer-1.png]
[uiparadox.co.uk/public/templates/gamerx/v2/assets/media/streaming/vc-2.png]
[uiparadox.co.uk/public/templates/gamerx/v2/assets/media/users/streamer-2.png]
[uiparadox.co.uk/public/templates/gamerx/v2/assets/media/streaming/vc-3.png]
[uiparadox.co.uk/public/templates/gamerx/v2/assets/media/users/streamer-3.png]
[uiparadox.co.uk/public/templates/gamerx/v2/assets/media/banner/streamer-1.png]
[uiparadox.co.uk/public/templates/gamerx/v2/assets/media/banner/streamer-2.png]
[uiparadox.co.uk/public/templates/gamerx/v2/assets/media/products/p-1.png]
[uiparadox.co.uk/public/templates/gamerx/v2/assets/media/products/p-2.png]
[uiparadox.co.uk/public/templates/gamerx/v2/assets/media/products/p-3.png]
[uiparadox.co.uk/public/templates/gamerx/v2/assets/media/gamers/g-1.png]
[uiparadox.co.uk/public/templates/gamerx/v2/assets/media/icons/Facebook.png]
[uiparadox.co.uk/public/templates/gamerx/v2/assets/media/icons/Twitter.png]
[uiparadox.co.uk/public/templates/gamerx/v2/assets/media/icons/Instagram.png]
[uiparadox.co.uk/public/templates/gamerx/v2/assets/media/icons/SnapChat.png]
[uiparadox.co.uk/public/templates/gamerx/v2/assets/media/gamers/g-2.png]
[uiparadox.co.uk/public/templates/gamerx/v2/assets/media/gamers/g-3.png]
[uiparadox.co.uk/public/templates/gamerx/v2/assets/media/gamers/g-4.png]
[uiparadox.co.uk/public/templates/gamerx/v2/assets/media/shapes/blog-vector.png]
[uiparadox.co.uk/public/templates/gamerx/v2/assets/media/blogs/b-1.png]
[uiparadox.co.uk/public/templates/gamerx/v2/assets/media/blogs/b-2.png]
[uiparadox.co.uk/public/templates/gamerx/v2/assets/media/blogs/b-3.png]
[uiparadox.co.uk/public/templates/gamerx/v2/assets/media/images/bs-1.png]
[uiparadox.co.uk/public/templates/gamerx/v2/assets/media/images/bs-2.png]
[uiparadox.co.uk/public/templates/gamerx/v2/assets/media/images/bs-3.png]
[uiparadox.co.uk/public/templates/gamerx/v2/assets/media/images/bs-4.png]
[uiparadox.co.uk/public/templates/gamerx/v2/assets/media/images/bs-5.png]
[uiparadox.co.uk/public/templates/gamerx/v2/assets/media/images/bs-6.png]
[uiparadox.co.uk/public/templates/gamerx/v2/assets/media/images/bs-7.png]
[uiparadox.co.uk/public/templates/gamerx/v2/assets/media/images/bs-8.png]
[uiparadox.co.uk/public/templates/gamerx/v2/assets/media/images/bs-9.png]
[uiparadox.co.uk/public/templates/gamerx/v2/assets/media/images/bs-10.png]
[uiparadox.co.uk/public/templates/gamerx/v2/assets/media/images/bs-11.png]
[uiparadox.co.uk/public/templates/gamerx/v2/services.html]
[uiparadox.co.uk/public/templates/gamerx/v2/assets/media/video/movie-video.mp4]
[uiparadox.co.uk/public/templates/gamerx/v2/assets/js/vendor/jquery-3.6.3.min.js]
[uiparadox.co.uk/public/templates/gamerx/v2/assets/js/vendor/bootstrap.min.js]
[uiparadox.co.uk/public/templates/gamerx/v2/assets/js/vendor/slick.min.js]
[uiparadox.co.uk/public/templates/gamerx/v2/assets/js/vendor/jquery-appear.js]
[uiparadox.co.uk/public/templates/gamerx/v2/assets/js/vendor/jquery-validator.js]
[uiparadox.co.uk/public/templates/gamerx/v2/assets/js/vendor/aksVideoPlayer.js]
[uiparadox.co.uk/public/templates/gamerx/v2/assets/js/app.js]
[uiparadox.co.uk/public/templates/gamerx/v2/index.html]
[uiparadox.co.uk/public/templates/gamerx/v2/assets/css/vendor/bootstrap.min.css]
[uiparadox.co.uk/public/templates/gamerx/v2/assets/css/fonts/fa-brands-400.eot]
[uiparadox.co.uk/public/templates/gamerx/v2/assets/css/fonts/fa-brands-400d41d.eot]
[uiparadox.co.uk/public/templates/gamerx/v2/assets/css/fonts/fa-brands-400.woff2]
[uiparadox.co.uk/public/templates/gamerx/v2/assets/css/fonts/fa-brands-400.woff]
[uiparadox.co.uk/public/templates/gamerx/v2/assets/css/fonts/fa-brands-400.ttf]
[uiparadox.co.uk/public/templates/gamerx/v2/assets/css/fonts/fa-duotone-900.eot]
[uiparadox.co.uk/public/templates/gamerx/v2/assets/css/fonts/fa-brands-400.svg]
[uiparadox.co.uk/public/templates/gamerx/v2/assets/css/fonts/fa-duotone-900d41d.eot]
[uiparadox.co.uk/public/templates/gamerx/v2/assets/css/fonts/fa-duotone-900.woff2]
[uiparadox.co.uk/public/templates/gamerx/v2/assets/css/fonts/fa-duotone-900.woff]
[uiparadox.co.uk/public/templates/gamerx/v2/assets/css/fonts/fa-duotone-900.ttf]
[uiparadox.co.uk/public/templates/gamerx/v2/assets/css/fonts/fa-duotone-900.svg]
[uiparadox.co.uk/public/templates/gamerx/v2/assets/css/fonts/fa-light-300.eot]
[uiparadox.co.uk/public/templates/gamerx/v2/assets/css/fonts/fa-light-300d41d.eot]
[uiparadox.co.uk/public/templates/gamerx/v2/assets/css/fonts/fa-light-300.woff2]
[uiparadox.co.uk/public/templates/gamerx/v2/assets/css/fonts/fa-light-300.woff]
[uiparadox.co.uk/public/templates/gamerx/v2/assets/css/fonts/fa-light-300.ttf]
[uiparadox.co.uk/public/templates/gamerx/v2/assets/css/fonts/fa-light-300.svg]
[uiparadox.co.uk/public/templates/gamerx/v2/assets/css/fonts/fa-regular-400.eot]
[uiparadox.co.uk/public/templates/gamerx/v2/assets/css/fonts/fa-regular-400d41d.eot]
[uiparadox.co.uk/public/templates/gamerx/v2/assets/css/fonts/fa-regular-400.woff2]
[uiparadox.co.uk/public/templates/gamerx/v2/assets/css/fonts/fa-regular-400.woff]
[uiparadox.co.uk/public/templates/gamerx/v2/assets/css/fonts/fa-regular-400.ttf]
[uiparadox.co.uk/public/templates/gamerx/v2/assets/css/fonts/fa-regular-400.svg]
[uiparadox.co.uk/public/templates/gamerx/v2/assets/css/fonts/fa-solid-900.eot]
[uiparadox.co.uk/public/templates/gamerx/v2/assets/css/fonts/fa-solid-900d41d.eot]
[uiparadox.co.uk/public/templates/gamerx/v2/assets/css/fonts/fa-solid-900.woff2]
[uiparadox.co.uk/public/templates/gamerx/v2/assets/css/fonts/fa-solid-900.woff]
[uiparadox.co.uk/public/templates/gamerx/v2/assets/css/fonts/fa-solid-900.ttf]
[uiparadox.co.uk/public/templates/gamerx/v2/assets/css/vendor/font-awesome.css]
[uiparadox.co.uk/public/templates/gamerx/v2/assets/css/vendor/slick.css]
[uiparadox.co.uk/public/templates/gamerx/v2/assets/css/fonts/fa-solid-900.svg]
[uiparadox.co.uk/public/templates/gamerx/v2/assets/css/fonts/ajax-loader.gif]
[uiparadox.co.uk/public/templates/gamerx/v2/assets/css/vendor/slick-theme.css]
[uiparadox.co.uk/public/templates/gamerx/v2/assets/css/vendor/aksVideoPlayer.css]
[uiparadox.co.uk/public/templates/gamerx/v2/assets/media/banner/hero-banner.png]
[uiparadox.co.uk/public/templates/gamerx/v2/assets/media/banner/hero-banner2.png]
[uiparadox.co.uk/public/templates/gamerx/v2/assets/media/banner/hero-banner-3-bg.png]
[uiparadox.co.uk/public/templates/gamerx/v2/assets/media/backgrounds/kf-bg.png]
[uiparadox.co.uk/public/templates/gamerx/v2/assets/media/backgrounds/tc-bg.png]
[uiparadox.co.uk/public/templates/gamerx/v2/assets/media/backgrounds/t-1.png]
[uiparadox.co.uk/public/templates/gamerx/v2/assets/media/backgrounds/t-2.png]
[uiparadox.co.uk/public/templates/gamerx/v2/assets/media/backgrounds/t-3.png]
[uiparadox.co.uk/public/templates/gamerx/v2/assets/media/backgrounds/t-4.png]
[uiparadox.co.uk/public/templates/gamerx/v2/assets/media/backgrounds/banner-bg.png]
[uiparadox.co.uk/public/templates/gamerx/v2/assets/media/backgrounds/csb.png]
[uiparadox.co.uk/public/templates/gamerx/v2/assets/media/backgrounds/coming-soon-banner.png]
[uiparadox.co.uk/public/templates/gamerx/v2/assets/media/backgrounds/coming-soon-banner-sm.png]
[uiparadox.co.uk/public/templates/gamerx/v2/assets/css/app.css]
[uiparadox.co.uk/public/templates/gamerx/v2/index-2.html]
[uiparadox.co.uk/public/templates/gamerx/v2/assets/media/shapes/cross-vector.png]
[uiparadox.co.uk/public/templates/gamerx/v2/assets/media/play.png]
[uiparadox.co.uk/public/templates/gamerx/v2/assets/media/banner/side-image.png]
[uiparadox.co.uk/public/templates/gamerx/v2/assets/media/games/slide-1.png]
[uiparadox.co.uk/public/templates/gamerx/v2/assets/media/games/slide-2.png]
[uiparadox.co.uk/public/templates/gamerx/v2/assets/media/games/slide-3.png]
[uiparadox.co.uk/public/templates/gamerx/v2/assets/media/games/slide-4.png]
[uiparadox.co.uk/public/templates/gamerx/v2/assets/media/streaming/video-img.png]
[uiparadox.co.uk/public/templates/gamerx/v2/assets/media/streaming/scroll-img-1.png]
[uiparadox.co.uk/public/templates/gamerx/v2/assets/media/streaming/scroll-img-2.png]
[uiparadox.co.uk/public/templates/gamerx/v2/assets/media/games/eagle.png]
[uiparadox.co.uk/public/templates/gamerx/v2/assets/media/games/vs.png]
[uiparadox.co.uk/public/templates/gamerx/v2/assets/media/games/ninja.png]
[uiparadox.co.uk/public/templates/gamerx/v2/assets/media/icons/youtube.png]
[uiparadox.co.uk/public/templates/gamerx/v2/assets/media/icons/twitch.png]
[uiparadox.co.uk/public/templates/gamerx/v2/assets/media/games/monkey.png]
[uiparadox.co.uk/public/templates/gamerx/v2/assets/media/games/shark.png]
[uiparadox.co.uk/public/templates/gamerx/v2/assets/media/games/robotic.png]
[uiparadox.co.uk/public/templates/gamerx/v2/assets/media/games/aligator.png]
[uiparadox.co.uk/public/templates/gamerx/v2/assets/media/backgrounds/cs-main-img.png]
[uiparadox.co.uk/public/templates/gamerx/v2/assets/media/icons/tiktok.png]
[uiparadox.co.uk/public/templates/gamerx/v2/assets/media/shapes/d-line.png]
[uiparadox.co.uk/public/templates/gamerx/v2/assets/media/streaming/card-1.png]
[uiparadox.co.uk/public/templates/gamerx/v2/assets/media/streaming/card-2.png]
[uiparadox.co.uk/public/templates/gamerx/v2/assets/media/streaming/card-3.png]
[uiparadox.co.uk/public/templates/gamerx/v2/index-3.html]
[uiparadox.co.uk/public/templates/gamerx/v2/assets/media/shapes/circle-vector-1.png]
[uiparadox.co.uk/public/templates/gamerx/v2/assets/media/shapes/circle-vector-2.png]
[uiparadox.co.uk/public/templates/gamerx/v2/assets/media/banner/hero-3-image.png]
[uiparadox.co.uk/public/templates/gamerx/v2/assets/media/logos/sl.png]
[uiparadox.co.uk/public/templates/gamerx/v2/assets/media/logos/sl-3.png]
[uiparadox.co.uk/public/templates/gamerx/v2/assets/media/logos/sl-4.png]
[uiparadox.co.uk/public/templates/gamerx/v2/assets/media/logos/sl-2.png]
[uiparadox.co.uk/public/templates/gamerx/v2/assets/media/logos/sl-5.png]
[uiparadox.co.uk/public/templates/gamerx/v2/assets/media/products/gp-1.png]
[uiparadox.co.uk/public/templates/gamerx/v2/assets/media/products/gp-2.png]
[uiparadox.co.uk/public/templates/gamerx/v2/assets/media/products/gp-3.png]
[uiparadox.co.uk/public/templates/gamerx/v2/assets/media/products/gp-4.png]
[uiparadox.co.uk/public/templates/gamerx/v2/assets/media/icons/Quote.png]
[uiparadox.co.uk/public/templates/gamerx/v2/assets/media/users/u-1.png]
[uiparadox.co.uk/public/templates/gamerx/v2/assets/media/users/u-2.png]
[uiparadox.co.uk/public/templates/gamerx/v2/index-4.html]
[uiparadox.co.uk/public/templates/gamerx/v2/live-streams.html]
[uiparadox.co.uk/public/templates/gamerx/v2/assets/media/users/live-streamer.png]
[uiparadox.co.uk/public/templates/gamerx/v2/assets/media/icons/Verification.png]
[uiparadox.co.uk/public/templates/gamerx/v2/assets/media/icons/Like.png]
[uiparadox.co.uk/public/templates/gamerx/v2/assets/media/icons/Share.png]
[uiparadox.co.uk/public/templates/gamerx/v2/assets/media/users/cu-1.png]
[uiparadox.co.uk/public/templates/gamerx/v2/assets/media/users/cu-2.png]
[uiparadox.co.uk/public/templates/gamerx/v2/assets/media/users/cu-3.png]
[uiparadox.co.uk/public/templates/gamerx/v2/assets/media/streaming/Video.png]
[uiparadox.co.uk/public/templates/gamerx/v2/assets/media/streaming/Video-1.png]
[uiparadox.co.uk/public/templates/gamerx/v2/assets/media/streaming/Video-2.png]
[uiparadox.co.uk/public/templates/gamerx/v2/assets/media/streaming/Video-3.png]
[uiparadox.co.uk/public/templates/gamerx/v2/assets/media/streaming/Video-4.png]
[uiparadox.co.uk/public/templates/gamerx/v2/assets/media/streaming/Video-5.png]
[uiparadox.co.uk/public/templates/gamerx/v2/assets/media/streaming/Video-6.png]
[uiparadox.co.uk/public/templates/gamerx/v2/assets/media/streaming/Video-7.png]
[uiparadox.co.uk/public/templates/gamerx/v2/stream-detail.html]
[uiparadox.co.uk/public/templates/gamerx/v2/assets/media/gamers/MVP-01.png]
[uiparadox.co.uk/public/templates/gamerx/v2/assets/media/logos/t-l-1.png]
[uiparadox.co.uk/public/templates/gamerx/v2/assets/media/gamers/MVP-02.png]
[uiparadox.co.uk/public/templates/gamerx/v2/assets/media/logos/t-l-2.png]
[uiparadox.co.uk/public/templates/gamerx/v2/assets/media/gamers/MVP-03.png]
[uiparadox.co.uk/public/templates/gamerx/v2/assets/media/logos/t-l-3.png]
[uiparadox.co.uk/public/templates/gamerx/v2/assets/media/gamers/MVP-04.png]
[uiparadox.co.uk/public/templates/gamerx/v2/assets/media/logos/t-l-4.png]
[uiparadox.co.uk/public/templates/gamerx/v2/assets/media/logos/t-l-5.png]
[uiparadox.co.uk/public/templates/gamerx/v2/assets/media/logos/t-l-6.png]
[uiparadox.co.uk/public/templates/gamerx/v2/match-result.html]
[uiparadox.co.uk/public/templates/gamerx/v2/tournament-list.html]
[uiparadox.co.uk/public/templates/gamerx/v2/tournment-detail.html]
[uiparadox.co.uk/public/templates/gamerx/v2/assets/css/vendor/ionrangeslider.css]
[uiparadox.co.uk/public/templates/gamerx/v2/assets/js/vendor/ionrangeslider.js]
[uiparadox.co.uk/public/templates/gamerx/v2/shop.html]
[uiparadox.co.uk/public/templates/gamerx/v2/assets/media/products/cp-1.png]
[uiparadox.co.uk/public/templates/gamerx/v2/assets/media/products/cp-2.png]
[uiparadox.co.uk/public/templates/gamerx/v2/assets/media/products/cp-3.png]
[uiparadox.co.uk/public/templates/gamerx/v2/cart.html]
[uiparadox.co.uk/public/templates/gamerx/v2/assets/media/icons/cod.png]
[uiparadox.co.uk/public/templates/gamerx/v2/assets/media/icons/bt.png]
[uiparadox.co.uk/public/templates/gamerx/v2/assets/media/icons/cp.png]
[uiparadox.co.uk/public/templates/gamerx/v2/assets/media/products/ps-1.png]
[uiparadox.co.uk/public/templates/gamerx/v2/assets/media/products/ps-2.png]
[uiparadox.co.uk/public/templates/gamerx/v2/assets/media/products/ps-3.png]
[uiparadox.co.uk/public/templates/gamerx/v2/checkout.html]
[uiparadox.co.uk/public/templates/gamerx/v2/assets/css/vendor/starcb.css]
[uiparadox.co.uk/public/templates/gamerx/v2/assets/media/products/pd-1.png]
[uiparadox.co.uk/public/templates/gamerx/v2/assets/media/products/pd-2.png]
[uiparadox.co.uk/public/templates/gamerx/v2/assets/media/products/pd-3.png]
[uiparadox.co.uk/public/templates/gamerx/v2/product-detail.html]
[uiparadox.co.uk/public/templates/gamerx/v2/assets/media/blogs/b-4.png]
[uiparadox.co.uk/public/templates/gamerx/v2/assets/media/blogs/b-5.png]
[uiparadox.co.uk/public/templates/gamerx/v2/assets/media/blogs/b-6.png]
[uiparadox.co.uk/public/templates/gamerx/v2/assets/media/blogs/b-7.png]
[uiparadox.co.uk/public/templates/gamerx/v2/assets/media/blogs/b-8.png]
[uiparadox.co.uk/public/templates/gamerx/v2/assets/media/blogs/b-9.png]
[uiparadox.co.uk/public/templates/gamerx/v2/blogs.html]
[uiparadox.co.uk/public/templates/gamerx/v2/assets/media/blogs/bd-1.png]
[uiparadox.co.uk/public/templates/gamerx/v2/assets/media/blogs/bd-2.png]
[uiparadox.co.uk/public/templates/gamerx/v2/assets/media/blogs/bd-3.png]
[uiparadox.co.uk/public/templates/gamerx/v2/assets/media/blogs/bs-1.png]
[uiparadox.co.uk/public/templates/gamerx/v2/assets/media/blogs/bs-2.png]
[uiparadox.co.uk/public/templates/gamerx/v2/assets/media/blogs/bs-3.png]
[uiparadox.co.uk/public/templates/gamerx/v2/blog-detail.html]
[uiparadox.co.uk/public/templates/gamerx/v2/about.html]
[uiparadox.co.uk/public/templates/gamerx/v2/contact.html]
[uiparadox.co.uk/public/templates/gamerx/v2/assets/media/gamers/g-5.png]
[uiparadox.co.uk/public/templates/gamerx/v2/assets/media/gamers/g-6.png]
[uiparadox.co.uk/public/templates/gamerx/v2/assets/media/gamers/g-7.png]
[uiparadox.co.uk/public/templates/gamerx/v2/assets/media/gamers/g-8.png]
[uiparadox.co.uk/public/templates/gamerx/v2/assets/media/gamers/g-9.png]
[uiparadox.co.uk/public/templates/gamerx/v2/assets/media/gamers/g-10.png]
[uiparadox.co.uk/public/templates/gamerx/v2/assets/media/gamers/g-11.png]
[uiparadox.co.uk/public/templates/gamerx/v2/team.html]
[uiparadox.co.uk/public/templates/gamerx/v2/assets/media/icons/Google.png]
[uiparadox.co.uk/public/templates/gamerx/v2/assets/media/icons/facebook-icon.png]
[uiparadox.co.uk/public/templates/gamerx/v2/assets/media/backgrounds/login.png]
[uiparadox.co.uk/public/templates/gamerx/v2/assets/js/vendor/jquery.countdown.min.js]
[uiparadox.co.uk/public/templates/gamerx/v2/login.html]
[uiparadox.co.uk/public/templates/gamerx/v2/assets/media/backgrounds/signup.png]
[uiparadox.co.uk/public/templates/gamerx/v2/signup.html]
[uiparadox.co.uk/public/templates/gamerx/v2/assets/media/images/404.png]
[uiparadox.co.uk/public/templates/gamerx/v2/404.html]
[uiparadox.co.uk/public/templates/gamerx/v2/assets/media/images/coming-soon-text.png]
[uiparadox.co.uk/public/templates/gamerx/v2/coming-soon.html]
[uiparadox.co.uk/public/templates/gamerx/v2/services.html]
[uiparadox.co.uk/public/templates/gamerx/v2/assets/css/fonts/fa-brands-400.svg]
[uiparadox.co.uk/public/templates/gamerx/v2/assets/css/fonts/fa-duotone-900.html]
[uiparadox.co.uk/public/templates/gamerx/v2/assets/css/fonts/fa-light-300.html]
[uiparadox.co.uk/public/templates/gamerx/v2/assets/css/fonts/fa-regular-400.svg]
[uiparadox.co.uk/public/templates/gamerx/v2/assets/css/fonts/fa-solid-900.svg]
[uiparadox.co.uk/public/templates/gamerx/v2/assets/css/vendor/ionrangeslider.css]
[uiparadox.co.uk/public/templates/gamerx/v2/assets/css/vendor/starcb.css]
